10:51:31.743242 http.c:889              == Info: Couldn't find host 127.0.0.1 in the .netrc file; using defaults
10:51:31.743629 http.c:889              == Info:   Trying 127.0.0.1:8972...
10:51:31.743862 http.c:889              == Info: Connected to 127.0.0.1 (127.0.0.1) port 8972
10:51:31.743904 http.c:836              => Send header, 0000000193 bytes (0x000000c1)
10:51:31.743910 http.c:848              => Send header: GET /a/b.git/info/refs?service=git-upload-pack HTTP/1.1
10:51:31.743914 http.c:848              => Send header: Host: 127.0.0.1:8972
10:51:31.743916 http.c:848              => Send header: User-Agent: git/2.50.1
10:51:31.743919 http.c:848              => Send header: Accept: */*
10:51:31.743922 http.c:848              => Send header: Accept-Encoding: deflate, gzip
10:51:31.743925 http.c:848              => Send header: Pragma: no-cache
10:51:31.743928 http.c:848              => Send header: Git-Protocol: version=2
10:51:31.743931 http.c:848              => Send header:
10:51:31.743938 http.c:889              == Info: Request completely sent off
10:51:31.745439 http.c:889              == Info: HTTP 1.0, assume close after body
10:51:31.745450 http.c:836              <= Recv header, 0000000029 bytes (0x0000001d)
10:51:31.745455 http.c:848              <= Recv header: HTTP/1.0 404 File not found
10:51:31.745460 http.c:836              <= Recv header, 0000000038 bytes (0x00000026)
10:51:31.745463 http.c:848              <= Recv header: Server: SimpleHTTP/0.6 Python/3.14.6
10:51:31.745467 http.c:836              <= Recv header, 0000000037 bytes (0x00000025)
10:51:31.745471 http.c:848              <= Recv header: Date: Fri, 07 Aug 2026 08:51:31 GMT
10:51:31.745475 http.c:836              <= Recv header, 0000000019 bytes (0x00000013)
10:51:31.745478 http.c:848              <= Recv header: Connection: close
10:51:31.745482 http.c:836              <= Recv header, 0000000039 bytes (0x00000027)
10:51:31.745485 http.c:848              <= Recv header: Content-Type: text/html;charset=utf-8
10:51:31.745489 http.c:836              <= Recv header, 0000000021 bytes (0x00000015)
10:51:31.745492 http.c:848              <= Recv header: Content-Length: 460
10:51:31.745495 http.c:836              <= Recv header, 0000000002 bytes (0x00000002)
10:51:31.745498 http.c:848              <= Recv header:
10:51:31.745501 http.c:862              <= Recv data, 0000000460 bytes (0x000001cc)
10:51:31.745505 http.c:877              <= Recv data: <!DOCTYPE HTML>.<html lang="en">.    <head>.        <meta ch
10:51:31.745507 http.c:877              <= Recv data: arset="utf-8">.        <style type="text/css">.            :
10:51:31.745511 http.c:877              <= Recv data: root {.                color-scheme: light dark;.           
10:51:31.745513 http.c:877              <= Recv data:  }.        </style>.        <title>Error response</title>.  
10:51:31.745516 http.c:877              <= Recv data:   </head>.    <body>.        <h1>Error response</h1>.       
10:51:31.745519 http.c:877              <= Recv data:  <p>Error code: 404</p>.        <p>Message: File not found.<
10:51:31.745522 http.c:877              <= Recv data: /p>.        <p>Error code explanation: 404 - Nothing matches
10:51:31.745524 http.c:877              <= Recv data:  the given URI.</p>.    </body>.</html>.
10:51:31.745529 http.c:889              == Info: Closing connection
fatal: repository 'http://127.0.0.1:8972/a/b.git/' not found
